// Jest Snapshot v1, https://goo.gl/fbAQLP

exports[`Test de GifItem Debe hacer match con el sanpshot 1`] = `
<div>
  <div
    class="card"
  >
    <img
      alt="Goku"
      src="https://one-punch.com/saitama.jpg"
    />
    <p>
       
      Goku
       
    </p>
  </div>
</div>
`;
